// Jest Snapshot v1, https://goo.gl/fbAQLP

exports[`formatReportToMarkdown() renders a standard report 1`] = `
"### Run report
|     | Action | Time | Status |    |
| :-: | :----- | ---: | :----- | :- |
| ⬛️ | \`SetupNodeToolchain\` | 1.4ms | skipped |  |
| ⬛️ | \`SyncNodeProject(types)\` | 3.2ms | skipped |  |
| ⬛️ | \`InstallNodeDeps\` | 3.6ms | skipped |  |
| ⬛️ | \`SyncNodeProject(runtime)\` | 3.7ms | skipped |  |
| ⬛️ | \`SyncNodeProject(website)\` | 4ms | skipped |  |
| 🟪 | \`RunTarget(types:build)\` | 310.2ms | cached |  |
| 🟩 | \`RunTarget(runtime:typecheck)\` | 2s, 380.2ms | passed |  |
| 🟩 | \`RunTarget(types:typecheck)\` | 571.6ms | passed |  |
| 🟩 | \`RunTarget(website:typecheck)\` | 4s, 431.2ms | passed |  |"
`;
